TEST_ROUND	SCORE
0	8
1	1
2	25
3	88
4	19
5	7
